<testsuites id="" name="" tests="7" failures="7" skipped="0" errors="0" time="9.155148">
<testsuite name="recipe-generation.spec.js" timestamp="2025-05-29T04:44:30.956Z" hostname="chromium" tests="1" failures="1" skipped="0" time="1.238" errors="0">
<testcase name="Recipe Generation Flow › should complete full recipe generation flow @smoke" classname="recipe-generation.spec.js" time="1.238">
<failure message="recipe-generation.spec.js:9:3 should complete full recipe generation flow @smoke" type="FAILURE">
<![CDATA[  [chromium] › recipe-generation.spec.js:9:3 › Recipe Generation Flow › should complete full recipe generation flow @smoke 

    Error: expect.toBeVisible: Error: strict mode violation: getByText('chicken') resolved to 2 elements:
        1) <span data-testid="selected-ingredient-0" class="inline-flex items-center px-3 py-1 rounded-full text-sm bg-blue-100 text-blue-800">…</span> aka getByTestId('selected-ingredient-0')
        2) <span class="px-3 py-1 bg-blue-100 text-blue-800 rounded-full text-sm">chicken</span> aka getByText('chicken', { exact: true })

    Call log:
      - expect.toBeVisible with timeout 5000ms
      - waiting for getByText('chicken')


      15 |     await ingredientInput.fill('chicken');
      16 |     await page.keyboard.press('Enter');
    > 17 |     await expect(page.getByText('chicken')).toBeVisible();
         |                                             ^
      18 |     
      19 |     await ingredientInput.fill('rice');
      20 |     await page.keyboard.press('Enter');
        at /Users/mangeshraut/Development/hackathon test/tests/e2e/recipe-generation.spec.js:17:45

    attachment #1: screenshot (image/png) ──────────────────────────────────────────────────────────
    test-results/recipe-generation-Recipe-G-068af-ecipe-generation-flow-smoke-chromium/test-failed-1.png
    ────────────────────────────────────────────────────────────────────────────────────────────────

    attachment #2: video (video/webm) ──────────────────────────────────────────────────────────────
    test-results/recipe-generation-Recipe-G-068af-ecipe-generation-flow-smoke-chromium/video.webm
    ────────────────────────────────────────────────────────────────────────────────────────────────

    Error Context: ../../test-results/recipe-generation-Recipe-G-068af-ecipe-generation-flow-smoke-chromium/error-context.md
]]>
</failure>
<system-out>
<![CDATA[
[[ATTACHMENT|recipe-generation-Recipe-G-068af-ecipe-generation-flow-smoke-chromium/test-failed-1.png]]

[[ATTACHMENT|recipe-generation-Recipe-G-068af-ecipe-generation-flow-smoke-chromium/video.webm]]

[[ATTACHMENT|recipe-generation-Recipe-G-068af-ecipe-generation-flow-smoke-chromium/error-context.md]]
]]>
</system-out>
</testcase>
</testsuite>
<testsuite name="recipe-generation.spec.js" timestamp="2025-05-29T04:44:30.956Z" hostname="firefox" tests="1" failures="1" skipped="0" time="1.234" errors="0">
<testcase name="Recipe Generation Flow › should complete full recipe generation flow @smoke" classname="recipe-generation.spec.js" time="1.234">
<failure message="recipe-generation.spec.js:9:3 should complete full recipe generation flow @smoke" type="FAILURE">
<![CDATA[  [firefox] › recipe-generation.spec.js:9:3 › Recipe Generation Flow › should complete full recipe generation flow @smoke 

    Error: expect.toBeVisible: Error: strict mode violation: getByText('chicken') resolved to 2 elements:
        1) <span data-testid="selected-ingredient-0" class="inline-flex items-center px-3 py-1 rounded-full text-sm bg-blue-100 text-blue-800">…</span> aka getByTestId('selected-ingredient-0')
        2) <span class="px-3 py-1 bg-blue-100 text-blue-800 rounded-full text-sm">chicken</span> aka getByText('chicken', { exact: true })

    Call log:
      - expect.toBeVisible with timeout 5000ms
      - waiting for getByText('chicken')


      15 |     await ingredientInput.fill('chicken');
      16 |     await page.keyboard.press('Enter');
    > 17 |     await expect(page.getByText('chicken')).toBeVisible();
         |                                             ^
      18 |     
      19 |     await ingredientInput.fill('rice');
      20 |     await page.keyboard.press('Enter');
        at /Users/mangeshraut/Development/hackathon test/tests/e2e/recipe-generation.spec.js:17:45

    attachment #1: screenshot (image/png) ──────────────────────────────────────────────────────────
    test-results/recipe-generation-Recipe-G-068af-ecipe-generation-flow-smoke-firefox/test-failed-1.png
    ────────────────────────────────────────────────────────────────────────────────────────────────

    attachment #2: video (video/webm) ──────────────────────────────────────────────────────────────
    test-results/recipe-generation-Recipe-G-068af-ecipe-generation-flow-smoke-firefox/video.webm
    ────────────────────────────────────────────────────────────────────────────────────────────────

    Error Context: ../../test-results/recipe-generation-Recipe-G-068af-ecipe-generation-flow-smoke-firefox/error-context.md
]]>
</failure>
<system-out>
<![CDATA[
[[ATTACHMENT|recipe-generation-Recipe-G-068af-ecipe-generation-flow-smoke-firefox/test-failed-1.png]]

[[ATTACHMENT|recipe-generation-Recipe-G-068af-ecipe-generation-flow-smoke-firefox/video.webm]]

[[ATTACHMENT|recipe-generation-Recipe-G-068af-ecipe-generation-flow-smoke-firefox/error-context.md]]
]]>
</system-out>
</testcase>
</testsuite>
<testsuite name="recipe-generation.spec.js" timestamp="2025-05-29T04:44:30.956Z" hostname="webkit" tests="1" failures="1" skipped="0" time="1.629" errors="0">
<testcase name="Recipe Generation Flow › should complete full recipe generation flow @smoke" classname="recipe-generation.spec.js" time="1.629">
<failure message="recipe-generation.spec.js:9:3 should complete full recipe generation flow @smoke" type="FAILURE">
<![CDATA[  [webkit] › recipe-generation.spec.js:9:3 › Recipe Generation Flow › should complete full recipe generation flow @smoke 

    Error: expect.toBeVisible: Error: strict mode violation: getByText('chicken') resolved to 2 elements:
        1) <span data-testid="selected-ingredient-0" class="inline-flex items-center px-3 py-1 rounded-full text-sm bg-blue-100 text-blue-800">…</span> aka getByTestId('selected-ingredient-0')
        2) <span class="px-3 py-1 bg-blue-100 text-blue-800 rounded-full text-sm">chicken</span> aka getByText('chicken', { exact: true })

    Call log:
      - expect.toBeVisible with timeout 5000ms
      - waiting for getByText('chicken')


      15 |     await ingredientInput.fill('chicken');
      16 |     await page.keyboard.press('Enter');
    > 17 |     await expect(page.getByText('chicken')).toBeVisible();
         |                                             ^
      18 |     
      19 |     await ingredientInput.fill('rice');
      20 |     await page.keyboard.press('Enter');
        at /Users/mangeshraut/Development/hackathon test/tests/e2e/recipe-generation.spec.js:17:45

    attachment #1: screenshot (image/png) ──────────────────────────────────────────────────────────
    test-results/recipe-generation-Recipe-G-068af-ecipe-generation-flow-smoke-webkit/test-failed-1.png
    ────────────────────────────────────────────────────────────────────────────────────────────────

    attachment #2: video (video/webm) ──────────────────────────────────────────────────────────────
    test-results/recipe-generation-Recipe-G-068af-ecipe-generation-flow-smoke-webkit/video.webm
    ────────────────────────────────────────────────────────────────────────────────────────────────

    Error Context: ../../test-results/recipe-generation-Recipe-G-068af-ecipe-generation-flow-smoke-webkit/error-context.md
]]>
</failure>
<system-out>
<![CDATA[
[[ATTACHMENT|recipe-generation-Recipe-G-068af-ecipe-generation-flow-smoke-webkit/test-failed-1.png]]

[[ATTACHMENT|recipe-generation-Recipe-G-068af-ecipe-generation-flow-smoke-webkit/video.webm]]

[[ATTACHMENT|recipe-generation-Recipe-G-068af-ecipe-generation-flow-smoke-webkit/error-context.md]]
]]>
</system-out>
</testcase>
</testsuite>
<testsuite name="recipe-generation.spec.js" timestamp="2025-05-29T04:44:30.956Z" hostname="Mobile Chrome" tests="1" failures="1" skipped="0" time="1.24" errors="0">
<testcase name="Recipe Generation Flow › should complete full recipe generation flow @smoke" classname="recipe-generation.spec.js" time="1.24">
<failure message="recipe-generation.spec.js:9:3 should complete full recipe generation flow @smoke" type="FAILURE">
<![CDATA[  [Mobile Chrome] › recipe-generation.spec.js:9:3 › Recipe Generation Flow › should complete full recipe generation flow @smoke 

    Error: expect.toBeVisible: Error: strict mode violation: getByText('chicken') resolved to 2 elements:
        1) <span data-testid="selected-ingredient-0" class="inline-flex items-center px-3 py-1 rounded-full text-sm bg-blue-100 text-blue-800">…</span> aka getByTestId('selected-ingredient-0')
        2) <span class="px-3 py-1 bg-blue-100 text-blue-800 rounded-full text-sm">chicken</span> aka getByText('chicken', { exact: true })

    Call log:
      - expect.toBeVisible with timeout 5000ms
      - waiting for getByText('chicken')


      15 |     await ingredientInput.fill('chicken');
      16 |     await page.keyboard.press('Enter');
    > 17 |     await expect(page.getByText('chicken')).toBeVisible();
         |                                             ^
      18 |     
      19 |     await ingredientInput.fill('rice');
      20 |     await page.keyboard.press('Enter');
        at /Users/mangeshraut/Development/hackathon test/tests/e2e/recipe-generation.spec.js:17:45

    attachment #1: screenshot (image/png) ──────────────────────────────────────────────────────────
    test-results/recipe-generation-Recipe-G-068af-ecipe-generation-flow-smoke-Mobile-Chrome/test-failed-1.png
    ────────────────────────────────────────────────────────────────────────────────────────────────

    attachment #2: video (video/webm) ──────────────────────────────────────────────────────────────
    test-results/recipe-generation-Recipe-G-068af-ecipe-generation-flow-smoke-Mobile-Chrome/video.webm
    ────────────────────────────────────────────────────────────────────────────────────────────────

    Error Context: ../../test-results/recipe-generation-Recipe-G-068af-ecipe-generation-flow-smoke-Mobile-Chrome/error-context.md
]]>
</failure>
<system-out>
<![CDATA[
[[ATTACHMENT|recipe-generation-Recipe-G-068af-ecipe-generation-flow-smoke-Mobile-Chrome/test-failed-1.png]]

[[ATTACHMENT|recipe-generation-Recipe-G-068af-ecipe-generation-flow-smoke-Mobile-Chrome/video.webm]]

[[ATTACHMENT|recipe-generation-Recipe-G-068af-ecipe-generation-flow-smoke-Mobile-Chrome/error-context.md]]
]]>
</system-out>
</testcase>
</testsuite>
<testsuite name="recipe-generation.spec.js" timestamp="2025-05-29T04:44:30.956Z" hostname="Mobile Safari" tests="1" failures="1" skipped="0" time="1.627" errors="0">
<testcase name="Recipe Generation Flow › should complete full recipe generation flow @smoke" classname="recipe-generation.spec.js" time="1.627">
<failure message="recipe-generation.spec.js:9:3 should complete full recipe generation flow @smoke" type="FAILURE">
<![CDATA[  [Mobile Safari] › recipe-generation.spec.js:9:3 › Recipe Generation Flow › should complete full recipe generation flow @smoke 

    Error: expect.toBeVisible: Error: strict mode violation: getByText('chicken') resolved to 2 elements:
        1) <span data-testid="selected-ingredient-0" class="inline-flex items-center px-3 py-1 rounded-full text-sm bg-blue-100 text-blue-800">…</span> aka getByTestId('selected-ingredient-0')
        2) <span class="px-3 py-1 bg-blue-100 text-blue-800 rounded-full text-sm">chicken</span> aka getByText('chicken', { exact: true })

    Call log:
      - expect.toBeVisible with timeout 5000ms
      - waiting for getByText('chicken')


      15 |     await ingredientInput.fill('chicken');
      16 |     await page.keyboard.press('Enter');
    > 17 |     await expect(page.getByText('chicken')).toBeVisible();
         |                                             ^
      18 |     
      19 |     await ingredientInput.fill('rice');
      20 |     await page.keyboard.press('Enter');
        at /Users/mangeshraut/Development/hackathon test/tests/e2e/recipe-generation.spec.js:17:45

    attachment #1: screenshot (image/png) ──────────────────────────────────────────────────────────
    test-results/recipe-generation-Recipe-G-068af-ecipe-generation-flow-smoke-Mobile-Safari/test-failed-1.png
    ────────────────────────────────────────────────────────────────────────────────────────────────

    attachment #2: video (video/webm) ──────────────────────────────────────────────────────────────
    test-results/recipe-generation-Recipe-G-068af-ecipe-generation-flow-smoke-Mobile-Safari/video.webm
    ────────────────────────────────────────────────────────────────────────────────────────────────

    Error Context: ../../test-results/recipe-generation-Recipe-G-068af-ecipe-generation-flow-smoke-Mobile-Safari/error-context.md
]]>
</failure>
<system-out>
<![CDATA[
[[ATTACHMENT|recipe-generation-Recipe-G-068af-ecipe-generation-flow-smoke-Mobile-Safari/test-failed-1.png]]

[[ATTACHMENT|recipe-generation-Recipe-G-068af-ecipe-generation-flow-smoke-Mobile-Safari/video.webm]]

[[ATTACHMENT|recipe-generation-Recipe-G-068af-ecipe-generation-flow-smoke-Mobile-Safari/error-context.md]]
]]>
</system-out>
</testcase>
</testsuite>
<testsuite name="recipe-generation.spec.js" timestamp="2025-05-29T04:44:30.956Z" hostname="Microsoft Edge" tests="1" failures="1" skipped="0" time="0.003" errors="0">
<testcase name="Recipe Generation Flow › should complete full recipe generation flow @smoke" classname="recipe-generation.spec.js" time="0.003">
<failure message="recipe-generation.spec.js:9:3 should complete full recipe generation flow @smoke" type="FAILURE">
<![CDATA[  [Microsoft Edge] › recipe-generation.spec.js:9:3 › Recipe Generation Flow › should complete full recipe generation flow @smoke 

    Error: browserType.launch: Chromium distribution 'msedge' is not found at /Applications/Microsoft Edge.app/Contents/MacOS/Microsoft Edge
    Run "npx playwright install msedge"

    Error Context: ../../test-results/recipe-generation-Recipe-G-068af-ecipe-generation-flow-smoke-Microsoft-Edge/error-context.md
]]>
</failure>
<system-out>
<![CDATA[
[[ATTACHMENT|recipe-generation-Recipe-G-068af-ecipe-generation-flow-smoke-Microsoft-Edge/error-context.md]]
]]>
</system-out>
</testcase>
</testsuite>
<testsuite name="recipe-generation.spec.js" timestamp="2025-05-29T04:44:30.956Z" hostname="Google Chrome" tests="1" failures="1" skipped="0" time="1.276" errors="0">
<testcase name="Recipe Generation Flow › should complete full recipe generation flow @smoke" classname="recipe-generation.spec.js" time="1.276">
<failure message="recipe-generation.spec.js:9:3 should complete full recipe generation flow @smoke" type="FAILURE">
<![CDATA[  [Google Chrome] › recipe-generation.spec.js:9:3 › Recipe Generation Flow › should complete full recipe generation flow @smoke 

    Error: expect.toBeVisible: Error: strict mode violation: getByText('chicken') resolved to 2 elements:
        1) <span data-testid="selected-ingredient-0" class="inline-flex items-center px-3 py-1 rounded-full text-sm bg-blue-100 text-blue-800">…</span> aka getByTestId('selected-ingredient-0')
        2) <span class="px-3 py-1 bg-blue-100 text-blue-800 rounded-full text-sm">chicken</span> aka getByText('chicken', { exact: true })

    Call log:
      - expect.toBeVisible with timeout 5000ms
      - waiting for getByText('chicken')


      15 |     await ingredientInput.fill('chicken');
      16 |     await page.keyboard.press('Enter');
    > 17 |     await expect(page.getByText('chicken')).toBeVisible();
         |                                             ^
      18 |     
      19 |     await ingredientInput.fill('rice');
      20 |     await page.keyboard.press('Enter');
        at /Users/mangeshraut/Development/hackathon test/tests/e2e/recipe-generation.spec.js:17:45

    attachment #1: screenshot (image/png) ──────────────────────────────────────────────────────────
    test-results/recipe-generation-Recipe-G-068af-ecipe-generation-flow-smoke-Google-Chrome/test-failed-1.png
    ────────────────────────────────────────────────────────────────────────────────────────────────

    attachment #2: video (video/webm) ──────────────────────────────────────────────────────────────
    test-results/recipe-generation-Recipe-G-068af-ecipe-generation-flow-smoke-Google-Chrome/video.webm
    ────────────────────────────────────────────────────────────────────────────────────────────────

    Error Context: ../../test-results/recipe-generation-Recipe-G-068af-ecipe-generation-flow-smoke-Google-Chrome/error-context.md
]]>
</failure>
<system-out>
<![CDATA[
[[ATTACHMENT|recipe-generation-Recipe-G-068af-ecipe-generation-flow-smoke-Google-Chrome/test-failed-1.png]]

[[ATTACHMENT|recipe-generation-Recipe-G-068af-ecipe-generation-flow-smoke-Google-Chrome/video.webm]]

[[ATTACHMENT|recipe-generation-Recipe-G-068af-ecipe-generation-flow-smoke-Google-Chrome/error-context.md]]
]]>
</system-out>
</testcase>
</testsuite>
</testsuites>